SSO Redirect Service running on port 3000
Workspace name: Portfolio Workspace
Cleanup enabled: false
